// Jest Snapshot v1, https://goo.gl/fbAQLP

exports[`generateEnums() should work with duplicated name 1`] = `
"export const UserType = {"0": "member","1": "admin",} as const;
export type UserType = typeof UserType[keyof typeof UserType];

"
`;

exports[`generateEnums() should work without name 1`] = `""`;

exports[`generateEnums() should works normally 1`] = `
"export const UserType = {"0": "member","1": "admin",} as const;
export type UserType = typeof UserType[keyof typeof UserType];

"
`;
